// Jest Snapshot v1, https://goo.gl/fbAQLP

exports[`DeviceDetails should render correctly with empty props 1`] = `ShallowWrapper {}`;

exports[`DeviceDetails should render correctly with no props 1`] = `ShallowWrapper {}`;
